stream_buffer.c:1189:15:prvBytesInBuffer	0	static
stream_buffer.c:1209:13:prvInitialiseNewStreamBuffer	32	static
stream_buffer.c:1088:15:prvWriteBytesToBuffer	32	static
stream_buffer.c:661:15:prvWriteMessageToBuffer	32	static
stream_buffer.c:1134:15:prvReadBytesFromBuffer	32	static
stream_buffer.c:918:15:prvReadMessageFromBuffer	48	static
stream_buffer.c:219:23:xStreamBufferGenericCreate	32	static
stream_buffer.c:359:6:vStreamBufferDelete	16	static
stream_buffer.c:392:12:xStreamBufferReset	16	static
stream_buffer.c:441:12:xStreamBufferSetTriggerLevel	16	static
stream_buffer.c:470:8:xStreamBufferSpacesAvailable	16	static
stream_buffer.c:494:8:xStreamBufferBytesAvailable	16	static
stream_buffer.c:506:8:xStreamBufferSend	64	static
stream_buffer.c:610:8:xStreamBufferSendFromISR	32	static
stream_buffer.c:713:8:xStreamBufferReceive	32	static
stream_buffer.c:817:8:xStreamBufferNextMessageLengthBytes	32	static
stream_buffer.c:861:8:xStreamBufferReceiveFromISR	32	static
stream_buffer.c:970:12:xStreamBufferIsEmpty	16	static
stream_buffer.c:993:12:xStreamBufferIsFull	16	static
stream_buffer.c:1028:12:xStreamBufferSendCompletedFromISR	16	static
stream_buffer.c:1058:12:xStreamBufferReceiveCompletedFromISR	16	static
stream_buffer.c:1237:14:uxStreamBufferGetStreamBufferNumber	0	static
stream_buffer.c:1247:7:vStreamBufferSetStreamBufferNumber	0	static
stream_buffer.c:1257:10:ucStreamBufferGetStreamBufferType	0	static
