tasks.c:2372:16:prvSearchForNameWithinSingleList	0	static
tasks.c:3799:32:prvTaskCheckFreeStackSpace	0	static
tasks.c:3943:13:prvResetNextTaskUnblockTime	0	static
tasks.c:1805:20:prvTaskIsTaskSuspended	16	static
tasks.c:824:13:prvInitialiseNewTask	48	static
tasks.c:3607:13:prvInitialiseTaskLists	16	static
tasks.c:3887:14:prvDeleteTCB	16	static
tasks.c:5177:13:prvAddCurrentTaskToDelayedList	16	static
tasks.c:1500:14:uxTaskPriorityGetFromISR	0	static
tasks.c:1905:13:xTaskResumeFromISR	16	static
tasks.c:2099:6:vTaskEndScheduler	16	static
tasks.c:2110:6:vTaskSuspendAll	0	static
tasks.c:2304:12:xTaskGetTickCount	0	static
tasks.c:2319:12:xTaskGetTickCountFromISR	0	static
tasks.c:2350:13:uxTaskGetNumberOfTasks	0	static
tasks.c:2358:7:pcTaskGetName	16	static
tasks.c:2707:12:xTaskIncrementTick	32	static
tasks.c:2989:6:vTaskSwitchContext	16	static
tasks.c:3064:6:vTaskPlaceOnEventList	16	static
tasks.c:3081:6:vTaskPlaceOnUnorderedEventList	16	static
tasks.c:3107:7:vTaskPlaceOnEventListRestricted	16	static
tasks.c:3138:12:xTaskRemoveFromEventList	16	static
tasks.c:3206:6:vTaskRemoveFromUnorderedEventList	16	static
tasks.c:3266:6:vTaskInternalSetTimeOutState	0	static
tasks.c:3337:6:vTaskMissedYield	0	static
tasks.c:3345:14:uxTaskGetTaskNumber	0	static
tasks.c:3368:7:vTaskSetTaskNumber	0	static
tasks.c:3969:15:xTaskGetCurrentTaskHandle	0	static
tasks.c:3986:13:xTaskGetSchedulerState	0	static
tasks.c:4014:13:xTaskPriorityInherit	16	static
tasks.c:4104:13:xTaskPriorityDisinherit	16	static
tasks.c:4184:7:vTaskPriorityDisinheritAfterTimeout	16	static
tasks.c:4289:7:vTaskEnterCritical	0	static
tasks.c:4319:7:vTaskExitCritical	0	static
tasks.c:1077:13:prvAddNewTaskToReadyList	16	static
tasks.c:733:13:xTaskCreate	48	static
tasks.c:1975:6:vTaskStartScheduler	16	static
tasks.c:1162:7:vTaskDelete	16	static
tasks.c:1386:13:eTaskGetState	32	static
tasks.c:1478:14:uxTaskPriorityGet	16	static
tasks.c:1540:7:vTaskPrioritySet	32	static
tasks.c:1704:7:vTaskSuspend	16	static
tasks.c:1851:7:vTaskResume	16	static
tasks.c:3639:13:prvCheckTasksWaitingTermination	16	static
tasks.c:3392:8:prvIdleTask	16	static
tasks.c:2194:12:xTaskResumeAll	16	static
tasks.c:1257:7:vTaskDelayUntil	16	static
tasks.c:1341:7:vTaskDelay	16	static
tasks.c:2440:15:xTaskGetHandle	16	static
tasks.c:2609:12:xTaskCatchUpTicks	16	static
tasks.c:3670:7:vTaskGetInfo	16	static
tasks.c:3766:21:prvListTasksWithinSingleList	32	static
tasks.c:2505:14:uxTaskGetSystemState	32	static
tasks.c:2629:13:xTaskAbortDelay	16	static
tasks.c:3254:6:vTaskSetTimeOutState	16	static
tasks.c:3274:12:xTaskCheckForTimeOut	16	static
tasks.c:4602:12:uxTaskResetEventItemValue	0	static
tasks.c:4618:15:pvTaskIncrementMutexHeldCount	0	static
tasks.c:4635:11:ulTaskNotifyTake	16	static
tasks.c:4703:13:xTaskNotifyWait	32	static
tasks.c:4783:13:xTaskGenericNotify	32	static
tasks.c:4897:13:xTaskGenericNotifyFromISR	32	static
tasks.c:5026:7:vTaskNotifyGiveFromISR	16	static
tasks.c:5112:13:xTaskNotifyStateClear	16	static
tasks.c:5143:11:ulTaskNotifyValueClear	16	static
