timers.c:644:19:prvGetNextExpireTime	0	static
timers.c:693:19:prvInsertTimerInActiveList	16	static
timers.c:941:13:prvCheckForValidListAndQueue	16	static
timers.c:349:13:prvInitialiseNewTimer	32	static
timers.c:227:12:xTimerCreateTimerTask	16	static
timers.c:282:16:xTimerCreate	32	static
timers.c:381:12:xTimerGenericCommand	32	static
timers.c:882:13:prvSwitchTimerLists	16	static
timers.c:670:19:prvSampleTimeNow	16	static
timers.c:507:13:prvProcessExpiredTimer	16	static
timers.c:584:13:prvProcessTimerOrBlockTask	32	static
timers.c:734:13:prvProcessReceivedCommands	48	static
timers.c:548:8:prvTimerTask	32	static
timers.c:424:14:xTimerGetTimerDaemonTaskHandle	16	static
timers.c:433:12:xTimerGetPeriod	16	static
timers.c:442:6:vTimerSetReloadMode	16	static
timers.c:462:13:uxTimerGetReloadMode	16	static
timers.c:487:12:xTimerGetExpiryTime	16	static
timers.c:498:14:pcTimerGetName	16	static
timers.c:992:12:xTimerIsTimerActive	16	static
timers.c:1017:7:pvTimerGetTimerID	16	static
timers.c:1034:6:vTimerSetTimerID	16	static
timers.c:1050:13:xTimerPendFunctionCallFromISR	32	static
timers.c:1074:13:xTimerPendFunctionCall	32	static
timers.c:1103:14:uxTimerGetTimerNumber	0	static
timers.c:1113:7:vTimerSetTimerNumber	0	static
