Archive member included to satisfy reference by file (symbol)

/opt/corev-openhw-gcc-ubuntu2004-20200913/bin/../lib/gcc/riscv32-corev-elf/11.0.0/../../../../riscv32-corev-elf/lib/rv32imac/ilp32/libc.a(lib_a-memcpy-asm.o)
                              I2CProtocol.o (memcpy)

Discarded input sections

 .text          0x0000000000000000        0x0 crt0.o
 .data          0x0000000000000000        0x0 crt0.o
 .bss           0x0000000000000000        0x0 crt0.o
 .text          0x0000000000000000        0x0 I2CProtocol.o
 .data          0x0000000000000000        0x0 I2CProtocol.o
 .bss           0x0000000000000000        0x0 I2CProtocol.o
 .text.I2CProtocolFrameCalChksum
                0x0000000000000000        0x8 I2CProtocol.o
 .text.formI2CProtocolFrame
                0x0000000000000000       0xa6 I2CProtocol.o
 .text.sendI2CProtocolFrame
                0x0000000000000000       0x7e I2CProtocol.o
 .bss.gsI2CProtocolFrameTxBuf
                0x0000000000000000       0x10 I2CProtocol.o
 .sbss.gsI2CProtocolFrameCounter
                0x0000000000000000        0x2 I2CProtocol.o
 .sbss.lastSentFrameSize.0
                0x0000000000000000        0x1 I2CProtocol.o
 .text          0x0000000000000000        0x0 crc.o
 .data          0x0000000000000000        0x0 crc.o
 .bss           0x0000000000000000        0x0 crc.o
 .text.crcSlow  0x0000000000000000       0x4a crc.o
 .text          0x0000000000000000        0x0 dbg.o
 .data          0x0000000000000000        0x0 dbg.o
 .bss           0x0000000000000000        0x0 dbg.o
 .text          0x0000000000000000        0x0 hal_apb_i2cs.o
 .data          0x0000000000000000        0x0 hal_apb_i2cs.o
 .bss           0x0000000000000000        0x0 hal_apb_i2cs.o
 .text.hal_set_i2cs_fifo_apb_i2c_write_data_port
                0x0000000000000000        0xa hal_apb_i2cs.o
 .text.hal_get_i2cs_fifo_i2c_apb_write_flags
                0x0000000000000000        0xe hal_apb_i2cs.o
 .text.hal_get_i2cs_fifo_apb_i2c_read_flags
                0x0000000000000000        0xe hal_apb_i2cs.o
 .text.hal_get_i2cs_fifo_apb_i2c_write_flags
                0x0000000000000000        0xe hal_apb_i2cs.o
 .text.hal_get_i2cs_msg_apb_i2c_status
                0x0000000000000000        0xc hal_apb_i2cs.o
 .text.hal_i2cs_fifo_i2c_apb_FIFO_flush
                0x0000000000000000       0x1c hal_apb_i2cs.o
 .text.hal_i2cs_fifo_apb_i2c_FIFO_flush
                0x0000000000000000       0x1c hal_apb_i2cs.o
 .text          0x0000000000000000        0x0 main.o
 .data          0x0000000000000000        0x0 main.o
 .bss           0x0000000000000000        0x0 main.o
 .text          0x0000000000000000        0x0 spi.o
 .data          0x0000000000000000        0x0 spi.o
 .bss           0x0000000000000000        0x0 spi.o
 .text.udma_flash_write
                0x0000000000000000       0xb4 spi.o
 .text.udma_qspim_write
                0x0000000000000000       0x8e spi.o
 .text          0x0000000000000000        0x0 uart.o
 .data          0x0000000000000000        0x0 uart.o
 .bss           0x0000000000000000        0x0 uart.o
 .data          0x0000000000000000        0x0 /opt/corev-openhw-gcc-ubuntu2004-20200913/bin/../lib/gcc/riscv32-corev-elf/11.0.0/../../../../riscv32-corev-elf/lib/rv32imac/ilp32/libc.a(lib_a-memcpy-asm.o)
 .bss           0x0000000000000000        0x0 /opt/corev-openhw-gcc-ubuntu2004-20200913/bin/../lib/gcc/riscv32-corev-elf/11.0.0/../../../../riscv32-corev-elf/lib/rv32imac/ilp32/libc.a(lib_a-memcpy-asm.o)

Memory Configuration

Name             Origin             Length             Attributes
ROM              0x000000001a000000 0x0000000000002000
L2               0x000000001c07c000 0x0000000000004000
*default*        0x0000000000000000 0xffffffffffffffff

Linker script and memory map

LOAD crt0.o
LOAD I2CProtocol.o
LOAD crc.o
LOAD dbg.o
LOAD hal_apb_i2cs.o
LOAD main.o
LOAD spi.o
LOAD uart.o
LOAD /opt/corev-openhw-gcc-ubuntu2004-20200913/bin/../lib/gcc/riscv32-corev-elf/11.0.0/../../../../riscv32-corev-elf/lib/rv32imac/ilp32/libc.a
LOAD /opt/corev-openhw-gcc-ubuntu2004-20200913/bin/../lib/gcc/riscv32-corev-elf/11.0.0/../../../../riscv32-corev-elf/lib/rv32imac/ilp32/libm.a
LOAD /opt/corev-openhw-gcc-ubuntu2004-20200913/bin/../lib/gcc/riscv32-corev-elf/11.0.0/rv32imac/ilp32/libgcc.a
                0x0000000000000000                __DYNAMIC = 0x0

.text           0x000000001a000000      0xa64
                0x000000001a000000                . = ALIGN (0x4)
 *(.vectors)
 .vectors       0x000000001a000000       0xa0 crt0.o
                0x000000001a000080                _start
                0x000000001a000094                changeStack
                0x000000001a0000a0                _stext = .
 *(.text)
 .text          0x000000001a0000a0       0x16 /opt/corev-openhw-gcc-ubuntu2004-20200913/bin/../lib/gcc/riscv32-corev-elf/11.0.0/../../../../riscv32-corev-elf/lib/rv32imac/ilp32/libc.a(lib_a-memcpy-asm.o)
                0x000000001a0000a0                memcpy
 *(.text.*)
 .text.parseI2CProtocolFrame
                0x000000001a0000b6      0x122 I2CProtocol.o
                0x000000001a0000b6                parseI2CProtocolFrame
 .text.processI2CProtocolFrames
                0x000000001a0001d8       0x94 I2CProtocol.o
                0x000000001a0001d8                processI2CProtocolFrames
 .text.crcInit  0x000000001a00026c       0x48 crc.o
                0x000000001a00026c                crcInit
 .text.crcFast  0x000000001a0002b4       0x40 crc.o
                0x000000001a0002b4                crcFast
 .text.dbg_ch_raw
                0x000000001a0002f4       0x14 dbg.o
                0x000000001a0002f4                dbg_ch_raw
 .text.dbg_nl   0x000000001a000308       0x10 dbg.o
                0x000000001a000308                dbg_nl
 .text.dbg_ch   0x000000001a000318        0xa dbg.o
                0x000000001a000318                dbg_ch
 .text.dbg_str  0x000000001a000322       0x1c dbg.o
                0x000000001a000322                dbg_str
 .text.dbg_hex8
                0x000000001a00033e       0x3a dbg.o
                0x000000001a00033e                dbg_hex8
 .text.dbg_hex16
                0x000000001a000378       0x16 dbg.o
                0x000000001a000378                dbg_hex16
 .text.dbg_hex32
                0x000000001a00038e       0x16 dbg.o
                0x000000001a00038e                dbg_hex32
 .text.hal_get_apb_i2cs_slave_address
                0x000000001a0003a4        0xc hal_apb_i2cs.o
                0x000000001a0003a4                hal_get_apb_i2cs_slave_address
 .text.hal_set_apb_i2cs_slave_address
                0x000000001a0003b0       0x18 hal_apb_i2cs.o
                0x000000001a0003b0                hal_set_apb_i2cs_slave_address
 .text.hal_set_apb_i2cs_slave_on_off
                0x000000001a0003c8       0x2e hal_apb_i2cs.o
                0x000000001a0003c8                hal_set_apb_i2cs_slave_on_off
 .text.hal_get_i2cs_fifo_i2c_apb_read_data_port
                0x000000001a0003f6        0xe hal_apb_i2cs.o
                0x000000001a0003f6                hal_get_i2cs_fifo_i2c_apb_read_data_port
 .text.hal_get_i2cs_fifo_i2c_apb_read_flags
                0x000000001a000404        0xe hal_apb_i2cs.o
                0x000000001a000404                hal_get_i2cs_fifo_i2c_apb_read_flags
 .text.hal_get_i2cs_msg_i2c_apb
                0x000000001a000412        0xc hal_apb_i2cs.o
                0x000000001a000412                hal_get_i2cs_msg_i2c_apb
 .text.hal_get_i2cs_msg_i2c_apb_status
                0x000000001a00041e        0xc hal_apb_i2cs.o
                0x000000001a00041e                hal_get_i2cs_msg_i2c_apb_status
 .text.hal_set_i2cs_msg_apb_i2c
                0x000000001a00042a        0x8 hal_apb_i2cs.o
                0x000000001a00042a                hal_set_i2cs_msg_apb_i2c
 .text.getMemAreas
                0x000000001a000432       0x4e main.o
 .text.loadBinaryAndStart
                0x000000001a000480       0xd4 main.o
 .text.setFLLInResetAndBypass
                0x000000001a000554       0x20 main.o
                0x000000001a000554                setFLLInResetAndBypass
 .text.startup.main
                0x000000001a000574      0x1b0 main.o
                0x000000001a000574                main
 .text.udma_qspim_open
                0x000000001a000724       0x38 spi.o
                0x000000001a000724                udma_qspim_open
 .text.udma_flash_readid
                0x000000001a00075c       0x8c spi.o
                0x000000001a00075c                udma_flash_readid
 .text.udma_flash_reset_enable
                0x000000001a0007e8       0x64 spi.o
                0x000000001a0007e8                udma_flash_reset_enable
 .text.udma_flash_reset_memory
                0x000000001a00084c       0x64 spi.o
                0x000000001a00084c                udma_flash_reset_memory
 .text.udma_flash_read
                0x000000001a0008b0       0xaa spi.o
                0x000000001a0008b0                udma_flash_read
 .text.udma_uart_open
                0x000000001a00095a       0x64 uart.o
                0x000000001a00095a                udma_uart_open
 .text.udma_uart_writeraw
                0x000000001a0009be       0x36 uart.o
                0x000000001a0009be                udma_uart_writeraw
                0x000000001a0009f4                _etext = .
 *(.lit)
 *(.shdata)
 *(.boot)
 *(.boot.data)
 *(.rodata)
 *(.rodata.*)
 *fill*         0x000000001a0009f4        0x0 
 .rodata.parseI2CProtocolFrame.str1.4
                0x000000001a0009f4        0xd I2CProtocol.o
                                         0x12 (size before relaxing)
 *fill*         0x000000001a000a01        0x3 
 .rodata.loadBinaryAndStart.str1.4
                0x000000001a000a04       0x21 main.o
                                         0x2e (size before relaxing)
 *fill*         0x000000001a000a25        0x3 
 .rodata.main.str1.4
                0x000000001a000a28       0x3b main.o
 *(.eh_frame*)
 *(.data)
 *(.data.*)
 *(COMMON)
                0x000000001a000a64                . = ALIGN (0x4)
 *fill*         0x000000001a000a63        0x1 
                0x000000001a000a64                _bss_start = .
                0x000000001a000a64                . = ALIGN (0x4)
                0x000000001a000a64                _bss_end = .
 *(.boot)
 *(.boot.data)
                0x000000001a000a64                _endtext = .

.rela.dyn       0x000000001a000a64        0x0
 .rela.vectors  0x000000001a000a64        0x0 crt0.o

.heapl2ram      0x000000001c07c000     0x1c6b
 *(.ram)
 .ram           0x000000001c07c000     0x1928 main.o
 *(.heapl2ram)
 *(.bss)
 *(.bss.*)
 .bss.gsI2CProtocolFrameRxBuf
                0x000000001c07d928      0x100 I2CProtocol.o
                0x000000001c07d928                gsI2CProtocolFrameRxBuf
 .bss.crcTable  0x000000001c07da28      0x200 crc.o
                0x000000001c07da28                crcTable
 .bss.auccmd    0x000000001c07dc28       0x40 spi.o
 *(.sbss)
 *(.sbss.*)
 .sbss.gStopUartMsgFlg
                0x000000001c07dc68        0x1 I2CProtocol.o
                0x000000001c07dc68                gStopUartMsgFlg
 .sbss.gUseCRCFlg
                0x000000001c07dc69        0x1 I2CProtocol.o
                0x000000001c07dc69                gUseCRCFlg
 .sbss.aucclkdiv
                0x000000001c07dc6a        0x1 spi.o

.stack          0x000000001c07dc6b        0x1
                0x000000001c07dc6c                . = ALIGN (0x4)
 *fill*         0x000000001c07dc6b        0x1 
                0x000000001c07e06c                stack = (. + 0x400)

.stab
 *(.stab)

.stabstr
 *(.stabstr)
OUTPUT(A2_boot.elf elf32-littleriscv)

.riscv.attributes
                0x0000000000000000       0x2f
 .riscv.attributes
                0x0000000000000000       0x28 crt0.o
 .riscv.attributes
                0x0000000000000028       0x26 I2CProtocol.o
 .riscv.attributes
                0x000000000000004e       0x26 crc.o
 .riscv.attributes
                0x0000000000000074       0x26 dbg.o
 .riscv.attributes
                0x000000000000009a       0x26 hal_apb_i2cs.o
 .riscv.attributes
                0x00000000000000c0       0x26 main.o
 .riscv.attributes
                0x00000000000000e6       0x26 spi.o
 .riscv.attributes
                0x000000000000010c       0x26 uart.o
 .riscv.attributes
                0x0000000000000132       0x29 /opt/corev-openhw-gcc-ubuntu2004-20200913/bin/../lib/gcc/riscv32-corev-elf/11.0.0/../../../../riscv32-corev-elf/lib/rv32imac/ilp32/libc.a(lib_a-memcpy-asm.o)

.comment        0x0000000000000000       0x4d
 .comment       0x0000000000000000       0x4d I2CProtocol.o
                                         0x4e (size before relaxing)
 .comment       0x000000000000004d       0x4e crc.o
 .comment       0x000000000000004d       0x4e dbg.o
 .comment       0x000000000000004d       0x4e hal_apb_i2cs.o
 .comment       0x000000000000004d       0x4e main.o
 .comment       0x000000000000004d       0x4e spi.o
 .comment       0x000000000000004d       0x4e uart.o

.debug_line     0x0000000000000000     0x2f9f
 .debug_line    0x0000000000000000      0x11b crt0.o
 .debug_line    0x000000000000011b      0x817 I2CProtocol.o
 .debug_line    0x0000000000000932      0x3a1 crc.o
 .debug_line    0x0000000000000cd3      0x3a5 dbg.o
 .debug_line    0x0000000000001078      0x4e3 hal_apb_i2cs.o
 .debug_line    0x000000000000155b      0xad6 main.o
 .debug_line    0x0000000000002031      0xb63 spi.o
 .debug_line    0x0000000000002b94      0x362 uart.o
 .debug_line    0x0000000000002ef6       0xa9 /opt/corev-openhw-gcc-ubuntu2004-20200913/bin/../lib/gcc/riscv32-corev-elf/11.0.0/../../../../riscv32-corev-elf/lib/rv32imac/ilp32/libc.a(lib_a-memcpy-asm.o)

.debug_info     0x0000000000000000     0x3d55
 .debug_info    0x0000000000000000       0x26 crt0.o
 .debug_info    0x0000000000000026      0x6ee I2CProtocol.o
 .debug_info    0x0000000000000714      0x190 crc.o
 .debug_info    0x00000000000008a4      0x2f3 dbg.o
 .debug_info    0x0000000000000b97      0xe3d hal_apb_i2cs.o
 .debug_info    0x00000000000019d4     0x1350 main.o
 .debug_info    0x0000000000002d24      0x918 spi.o
 .debug_info    0x000000000000363c      0x6f3 uart.o
 .debug_info    0x0000000000003d2f       0x26 /opt/corev-openhw-gcc-ubuntu2004-20200913/bin/../lib/gcc/riscv32-corev-elf/11.0.0/../../../../riscv32-corev-elf/lib/rv32imac/ilp32/libc.a(lib_a-memcpy-asm.o)

.debug_abbrev   0x0000000000000000      0xe76
 .debug_abbrev  0x0000000000000000       0x14 crt0.o
 .debug_abbrev  0x0000000000000014      0x2f6 I2CProtocol.o
 .debug_abbrev  0x000000000000030a      0x108 crc.o
 .debug_abbrev  0x0000000000000412      0x15d dbg.o
 .debug_abbrev  0x000000000000056f      0x1cf hal_apb_i2cs.o
 .debug_abbrev  0x000000000000073e      0x412 main.o
 .debug_abbrev  0x0000000000000b50      0x1be spi.o
 .debug_abbrev  0x0000000000000d0e      0x154 uart.o
 .debug_abbrev  0x0000000000000e62       0x14 /opt/corev-openhw-gcc-ubuntu2004-20200913/bin/../lib/gcc/riscv32-corev-elf/11.0.0/../../../../riscv32-corev-elf/lib/rv32imac/ilp32/libc.a(lib_a-memcpy-asm.o)

.debug_aranges  0x0000000000000000      0x240
 .debug_aranges
                0x0000000000000000       0x20 crt0.o
 .debug_aranges
                0x0000000000000020       0x40 I2CProtocol.o
 .debug_aranges
                0x0000000000000060       0x30 crc.o
 .debug_aranges
                0x0000000000000090       0x50 dbg.o
 .debug_aranges
                0x00000000000000e0       0x90 hal_apb_i2cs.o
 .debug_aranges
                0x0000000000000170       0x38 main.o
 .debug_aranges
                0x00000000000001a8       0x50 spi.o
 .debug_aranges
                0x00000000000001f8       0x28 uart.o
 .debug_aranges
                0x0000000000000220       0x20 /opt/corev-openhw-gcc-ubuntu2004-20200913/bin/../lib/gcc/riscv32-corev-elf/11.0.0/../../../../riscv32-corev-elf/lib/rv32imac/ilp32/libc.a(lib_a-memcpy-asm.o)

.debug_str      0x0000000000000000     0x1938
 .debug_str     0x0000000000000000       0x4e crt0.o
 .debug_str     0x000000000000004e      0x44e I2CProtocol.o
                                        0x508 (size before relaxing)
 .debug_str     0x000000000000049c       0x37 crc.o
                                        0x17e (size before relaxing)
 .debug_str     0x00000000000004d3       0x6d dbg.o
                                        0x22b (size before relaxing)
 .debug_str     0x0000000000000540      0x9e1 hal_apb_i2cs.o
                                        0xdc0 (size before relaxing)
 .debug_str     0x0000000000000f21      0x606 main.o
                                        0x940 (size before relaxing)
 .debug_str     0x0000000000001527      0x283 spi.o
                                        0x520 (size before relaxing)
 .debug_str     0x00000000000017aa       0xd7 uart.o
                                        0x449 (size before relaxing)
 .debug_str     0x0000000000001881       0xb7 /opt/corev-openhw-gcc-ubuntu2004-20200913/bin/../lib/gcc/riscv32-corev-elf/11.0.0/../../../../riscv32-corev-elf/lib/rv32imac/ilp32/libc.a(lib_a-memcpy-asm.o)
                                         0xc6 (size before relaxing)

.debug_loc      0x0000000000000000     0x11dd
 .debug_loc     0x0000000000000000      0x588 I2CProtocol.o
 .debug_loc     0x0000000000000588      0x1af crc.o
 .debug_loc     0x0000000000000737      0x167 dbg.o
 .debug_loc     0x000000000000089e       0x75 hal_apb_i2cs.o
 .debug_loc     0x0000000000000913      0x42f main.o
 .debug_loc     0x0000000000000d42      0x41c spi.o
 .debug_loc     0x000000000000115e       0x7f uart.o

.debug_ranges   0x0000000000000000      0x290
 .debug_ranges  0x0000000000000000       0x60 I2CProtocol.o
 .debug_ranges  0x0000000000000060       0x20 crc.o
 .debug_ranges  0x0000000000000080       0x78 dbg.o
 .debug_ranges  0x00000000000000f8       0x80 hal_apb_i2cs.o
 .debug_ranges  0x0000000000000178       0xc0 main.o
 .debug_ranges  0x0000000000000238       0x40 spi.o
 .debug_ranges  0x0000000000000278       0x18 uart.o

.debug_frame    0x0000000000000000      0x474
 .debug_frame   0x0000000000000000      0x104 I2CProtocol.o
 .debug_frame   0x0000000000000104       0x40 crc.o
 .debug_frame   0x0000000000000144       0xdc dbg.o
 .debug_frame   0x0000000000000220      0x100 hal_apb_i2cs.o
 .debug_frame   0x0000000000000320       0xa4 main.o
 .debug_frame   0x00000000000003c4       0x80 spi.o
 .debug_frame   0x0000000000000444       0x30 uart.o
