Archive member included to satisfy reference by file (symbol)

/n/design3/projects/ASIC/arnold2/corev-openhw-gcc-centos6-20200913/bin/../lib/gcc/riscv32-corev-elf/11.0.0/../../../../riscv32-corev-elf/lib/rv32imac/ilp32/libc.a(lib_a-memcpy-asm.o)
                              I2CProtocol.o (memcpy)

Discarded input sections

 .text          0x0000000000000000        0x0 crt0.o
 .data          0x0000000000000000        0x0 crt0.o
 .bss           0x0000000000000000        0x0 crt0.o
 .text          0x0000000000000000        0x0 I2CProtocol.o
 .data          0x0000000000000000        0x0 I2CProtocol.o
 .bss           0x0000000000000000        0x0 I2CProtocol.o
 .text.I2CProtocolFrameCalChksum
                0x0000000000000000        0x8 I2CProtocol.o
 .text.formI2CProtocolFrame
                0x0000000000000000       0xa6 I2CProtocol.o
 .text.sendI2CProtocolFrame
                0x0000000000000000       0x7e I2CProtocol.o
 .bss.gsI2CProtocolFrameTxBuf
                0x0000000000000000       0x10 I2CProtocol.o
 .sbss.gsI2CProtocolFrameCounter
                0x0000000000000000        0x2 I2CProtocol.o
 .sbss.lastSentFrameSize.0
                0x0000000000000000        0x1 I2CProtocol.o
 .text          0x0000000000000000        0x0 crc.o
 .data          0x0000000000000000        0x0 crc.o
 .bss           0x0000000000000000        0x0 crc.o
 .text.crcSlow  0x0000000000000000       0x4a crc.o
 .text          0x0000000000000000        0x0 dbg.o
 .data          0x0000000000000000        0x0 dbg.o
 .bss           0x0000000000000000        0x0 dbg.o
 .text          0x0000000000000000        0x0 hal_apb_i2cs.o
 .data          0x0000000000000000        0x0 hal_apb_i2cs.o
 .bss           0x0000000000000000        0x0 hal_apb_i2cs.o
 .text.hal_set_i2cs_fifo_apb_i2c_write_data_port
                0x0000000000000000        0xa hal_apb_i2cs.o
 .text.hal_get_i2cs_fifo_i2c_apb_write_flags
                0x0000000000000000        0xe hal_apb_i2cs.o
 .text.hal_get_i2cs_fifo_apb_i2c_read_flags
                0x0000000000000000        0xe hal_apb_i2cs.o
 .text.hal_get_i2cs_fifo_apb_i2c_write_flags
                0x0000000000000000        0xe hal_apb_i2cs.o
 .text.hal_get_i2cs_msg_apb_i2c_status
                0x0000000000000000        0xc hal_apb_i2cs.o
 .text.hal_i2cs_fifo_i2c_apb_FIFO_flush
                0x0000000000000000       0x1c hal_apb_i2cs.o
 .text.hal_i2cs_fifo_apb_i2c_FIFO_flush
                0x0000000000000000       0x1c hal_apb_i2cs.o
 .text          0x0000000000000000        0x0 main.o
 .data          0x0000000000000000        0x0 main.o
 .bss           0x0000000000000000        0x0 main.o
 .text          0x0000000000000000        0x0 spi.o
 .data          0x0000000000000000        0x0 spi.o
 .bss           0x0000000000000000        0x0 spi.o
 .text.udma_flash_write
                0x0000000000000000       0xb4 spi.o
 .text.udma_qspim_write
                0x0000000000000000       0x8e spi.o
 .text          0x0000000000000000        0x0 uart.o
 .data          0x0000000000000000        0x0 uart.o
 .bss           0x0000000000000000        0x0 uart.o
 .data          0x0000000000000000        0x0 /n/design3/projects/ASIC/arnold2/corev-openhw-gcc-centos6-20200913/bin/../lib/gcc/riscv32-corev-elf/11.0.0/../../../../riscv32-corev-elf/lib/rv32imac/ilp32/libc.a(lib_a-memcpy-asm.o)
 .bss           0x0000000000000000        0x0 /n/design3/projects/ASIC/arnold2/corev-openhw-gcc-centos6-20200913/bin/../lib/gcc/riscv32-corev-elf/11.0.0/../../../../riscv32-corev-elf/lib/rv32imac/ilp32/libc.a(lib_a-memcpy-asm.o)

Memory Configuration

Name             Origin             Length             Attributes
ROM              0x000000001a000000 0x0000000000002000
L2               0x000000001c07c000 0x0000000000004000
*default*        0x0000000000000000 0xffffffffffffffff

Linker script and memory map

LOAD crt0.o
LOAD I2CProtocol.o
LOAD crc.o
LOAD dbg.o
LOAD hal_apb_i2cs.o
LOAD main.o
LOAD spi.o
LOAD uart.o
LOAD /n/design3/projects/ASIC/arnold2/corev-openhw-gcc-centos6-20200913/bin/../lib/gcc/riscv32-corev-elf/11.0.0/../../../../riscv32-corev-elf/lib/rv32imac/ilp32/libc.a
LOAD /n/design3/projects/ASIC/arnold2/corev-openhw-gcc-centos6-20200913/bin/../lib/gcc/riscv32-corev-elf/11.0.0/../../../../riscv32-corev-elf/lib/rv32imac/ilp32/libm.a
LOAD /n/design3/projects/ASIC/arnold2/corev-openhw-gcc-centos6-20200913/bin/../lib/gcc/riscv32-corev-elf/11.0.0/rv32imac/ilp32/libgcc.a
                0x0000000000000000                __DYNAMIC = 0x0

.text           0x000000001a000000      0xb68
                0x000000001a000000                . = ALIGN (0x4)
 *(.vectors)
 .vectors       0x000000001a000000       0xa0 crt0.o
                0x000000001a000080                _start
                0x000000001a000094                changeStack
                0x000000001a0000a0                _stext = .
 *(.text)
 .text          0x000000001a0000a0       0x16 /n/design3/projects/ASIC/arnold2/corev-openhw-gcc-centos6-20200913/bin/../lib/gcc/riscv32-corev-elf/11.0.0/../../../../riscv32-corev-elf/lib/rv32imac/ilp32/libc.a(lib_a-memcpy-asm.o)
                0x000000001a0000a0                memcpy
 *(.text.*)
 .text.parseI2CProtocolFrame
                0x000000001a0000b6      0x122 I2CProtocol.o
                0x000000001a0000b6                parseI2CProtocolFrame
 .text.processI2CProtocolFrames
                0x000000001a0001d8       0x94 I2CProtocol.o
                0x000000001a0001d8                processI2CProtocolFrames
 .text.crcInit  0x000000001a00026c       0x48 crc.o
                0x000000001a00026c                crcInit
 .text.crcFast  0x000000001a0002b4       0x40 crc.o
                0x000000001a0002b4                crcFast
 .text.dbg_ch_raw
                0x000000001a0002f4       0x16 dbg.o
                0x000000001a0002f4                dbg_ch_raw
 .text.dbg_nl   0x000000001a00030a       0x10 dbg.o
                0x000000001a00030a                dbg_nl
 .text.dbg_ch   0x000000001a00031a        0xa dbg.o
                0x000000001a00031a                dbg_ch
 .text.dbg_str  0x000000001a000324       0x1c dbg.o
                0x000000001a000324                dbg_str
 .text.dbg_hex8
                0x000000001a000340       0x3a dbg.o
                0x000000001a000340                dbg_hex8
 .text.dbg_hex16
                0x000000001a00037a       0x16 dbg.o
                0x000000001a00037a                dbg_hex16
 .text.dbg_hex32
                0x000000001a000390       0x16 dbg.o
                0x000000001a000390                dbg_hex32
 .text.hal_get_apb_i2cs_slave_address
                0x000000001a0003a6        0xc hal_apb_i2cs.o
                0x000000001a0003a6                hal_get_apb_i2cs_slave_address
 .text.hal_set_apb_i2cs_slave_address
                0x000000001a0003b2       0x18 hal_apb_i2cs.o
                0x000000001a0003b2                hal_set_apb_i2cs_slave_address
 .text.hal_set_apb_i2cs_slave_on_off
                0x000000001a0003ca       0x2e hal_apb_i2cs.o
                0x000000001a0003ca                hal_set_apb_i2cs_slave_on_off
 .text.hal_get_i2cs_fifo_i2c_apb_read_data_port
                0x000000001a0003f8        0xe hal_apb_i2cs.o
                0x000000001a0003f8                hal_get_i2cs_fifo_i2c_apb_read_data_port
 .text.hal_get_i2cs_fifo_i2c_apb_read_flags
                0x000000001a000406        0xe hal_apb_i2cs.o
                0x000000001a000406                hal_get_i2cs_fifo_i2c_apb_read_flags
 .text.hal_get_i2cs_msg_i2c_apb
                0x000000001a000414        0xc hal_apb_i2cs.o
                0x000000001a000414                hal_get_i2cs_msg_i2c_apb
 .text.hal_get_i2cs_msg_i2c_apb_status
                0x000000001a000420        0xc hal_apb_i2cs.o
                0x000000001a000420                hal_get_i2cs_msg_i2c_apb_status
 .text.hal_set_i2cs_msg_apb_i2c
                0x000000001a00042c        0x8 hal_apb_i2cs.o
                0x000000001a00042c                hal_set_i2cs_msg_apb_i2c
 .text.getMemAreas
                0x000000001a000434       0x4a main.o
 .text.loadBinaryAndStart
                0x000000001a00047e       0xd0 main.o
 .text.setFLLFrequencyInIntegerMode
                0x000000001a00054e      0x108 main.o
                0x000000001a00054e                setFLLFrequencyInIntegerMode
 .text.startup.main
                0x000000001a000656      0x1d2 main.o
                0x000000001a000656                main
 .text.udma_qspim_open
                0x000000001a000828       0x38 spi.o
                0x000000001a000828                udma_qspim_open
 .text.udma_flash_readid
                0x000000001a000860       0x8c spi.o
                0x000000001a000860                udma_flash_readid
 .text.udma_flash_reset_enable
                0x000000001a0008ec       0x64 spi.o
                0x000000001a0008ec                udma_flash_reset_enable
 .text.udma_flash_reset_memory
                0x000000001a000950       0x64 spi.o
                0x000000001a000950                udma_flash_reset_memory
 .text.udma_flash_read
                0x000000001a0009b4       0xaa spi.o
                0x000000001a0009b4                udma_flash_read
 .text.udma_uart_open
                0x000000001a000a5e       0x64 uart.o
                0x000000001a000a5e                udma_uart_open
 .text.udma_uart_writeraw
                0x000000001a000ac2       0x36 uart.o
                0x000000001a000ac2                udma_uart_writeraw
                0x000000001a000af8                _etext = .
 *(.lit)
 *(.shdata)
 *(.boot)
 *(.boot.data)
 *(.rodata)
 *(.rodata.*)
 .rodata.parseI2CProtocolFrame.str1.4
                0x000000001a000af8        0xd I2CProtocol.o
                                         0x12 (size before relaxing)
 *fill*         0x000000001a000b05        0x3 
 .rodata.loadBinaryAndStart.str1.4
                0x000000001a000b08       0x21 main.o
                                         0x2e (size before relaxing)
 *fill*         0x000000001a000b29        0x3 
 .rodata.main.str1.4
                0x000000001a000b2c       0x3a main.o
 *(.eh_frame*)
 *(.data)
 *(.data.*)
 *(COMMON)
                0x000000001a000b68                . = ALIGN (0x4)
 *fill*         0x000000001a000b66        0x2 
                0x000000001a000b68                _bss_start = .
                0x000000001a000b68                . = ALIGN (0x4)
                0x000000001a000b68                _bss_end = .
 *(.boot)
 *(.boot.data)
                0x000000001a000b68                _endtext = .

.rela.dyn       0x000000001a000b68        0x0
 .rela.vectors  0x000000001a000b68        0x0 crt0.o

.heapl2ram      0x000000001c07c000     0x1c6b
 *(.ram)
 .ram           0x000000001c07c000     0x1928 main.o
 *(.heapl2ram)
 *(.bss)
 *(.bss.*)
 .bss.gsI2CProtocolFrameRxBuf
                0x000000001c07d928      0x100 I2CProtocol.o
                0x000000001c07d928                gsI2CProtocolFrameRxBuf
 .bss.crcTable  0x000000001c07da28      0x200 crc.o
                0x000000001c07da28                crcTable
 .bss.auccmd    0x000000001c07dc28       0x40 spi.o
 *(.sbss)
 *(.sbss.*)
 .sbss.gStopUartMsgFlg
                0x000000001c07dc68        0x1 I2CProtocol.o
                0x000000001c07dc68                gStopUartMsgFlg
 .sbss.gUseCRCFlg
                0x000000001c07dc69        0x1 I2CProtocol.o
                0x000000001c07dc69                gUseCRCFlg
 .sbss.aucclkdiv
                0x000000001c07dc6a        0x1 spi.o

.stack          0x000000001c07dc6b        0x1
                0x000000001c07dc6c                . = ALIGN (0x4)
 *fill*         0x000000001c07dc6b        0x1 
                0x000000001c07e06c                stack = (. + 0x400)

.stab
 *(.stab)

.stabstr
 *(.stabstr)
OUTPUT(A2_boot.elf elf32-littleriscv)

.riscv.attributes
                0x0000000000000000       0x2f
 .riscv.attributes
                0x0000000000000000       0x28 crt0.o
 .riscv.attributes
                0x0000000000000028       0x26 I2CProtocol.o
 .riscv.attributes
                0x000000000000004e       0x26 crc.o
 .riscv.attributes
                0x0000000000000074       0x26 dbg.o
 .riscv.attributes
                0x000000000000009a       0x26 hal_apb_i2cs.o
 .riscv.attributes
                0x00000000000000c0       0x26 main.o
 .riscv.attributes
                0x00000000000000e6       0x26 spi.o
 .riscv.attributes
                0x000000000000010c       0x26 uart.o
 .riscv.attributes
                0x0000000000000132       0x29 /n/design3/projects/ASIC/arnold2/corev-openhw-gcc-centos6-20200913/bin/../lib/gcc/riscv32-corev-elf/11.0.0/../../../../riscv32-corev-elf/lib/rv32imac/ilp32/libc.a(lib_a-memcpy-asm.o)

.comment        0x0000000000000000       0x4a
 .comment       0x0000000000000000       0x4a I2CProtocol.o
                                         0x4b (size before relaxing)
 .comment       0x000000000000004a       0x4b crc.o
 .comment       0x000000000000004a       0x4b dbg.o
 .comment       0x000000000000004a       0x4b hal_apb_i2cs.o
 .comment       0x000000000000004a       0x4b main.o
 .comment       0x000000000000004a       0x4b spi.o
 .comment       0x000000000000004a       0x4b uart.o

.debug_line     0x0000000000000000     0x3292
 .debug_line    0x0000000000000000      0x11b crt0.o
 .debug_line    0x000000000000011b      0x87b I2CProtocol.o
 .debug_line    0x0000000000000996      0x3a1 crc.o
 .debug_line    0x0000000000000d37      0x2ec dbg.o
 .debug_line    0x0000000000001023      0x510 hal_apb_i2cs.o
 .debug_line    0x0000000000001533      0xd97 main.o
 .debug_line    0x00000000000022ca      0xb90 spi.o
 .debug_line    0x0000000000002e5a      0x38f uart.o
 .debug_line    0x00000000000031e9       0xa9 /n/design3/projects/ASIC/arnold2/corev-openhw-gcc-centos6-20200913/bin/../lib/gcc/riscv32-corev-elf/11.0.0/../../../../riscv32-corev-elf/lib/rv32imac/ilp32/libc.a(lib_a-memcpy-asm.o)

.debug_info     0x0000000000000000     0x3e28
 .debug_info    0x0000000000000000       0x26 crt0.o
 .debug_info    0x0000000000000026      0x6ee I2CProtocol.o
 .debug_info    0x0000000000000714      0x190 crc.o
 .debug_info    0x00000000000008a4      0x274 dbg.o
 .debug_info    0x0000000000000b18      0xe3d hal_apb_i2cs.o
 .debug_info    0x0000000000001955     0x14a2 main.o
 .debug_info    0x0000000000002df7      0x918 spi.o
 .debug_info    0x000000000000370f      0x6f3 uart.o
 .debug_info    0x0000000000003e02       0x26 /n/design3/projects/ASIC/arnold2/corev-openhw-gcc-centos6-20200913/bin/../lib/gcc/riscv32-corev-elf/11.0.0/../../../../riscv32-corev-elf/lib/rv32imac/ilp32/libc.a(lib_a-memcpy-asm.o)

.debug_abbrev   0x0000000000000000      0xf39
 .debug_abbrev  0x0000000000000000       0x14 crt0.o
 .debug_abbrev  0x0000000000000014      0x2f6 I2CProtocol.o
 .debug_abbrev  0x000000000000030a      0x108 crc.o
 .debug_abbrev  0x0000000000000412      0x157 dbg.o
 .debug_abbrev  0x0000000000000569      0x1cf hal_apb_i2cs.o
 .debug_abbrev  0x0000000000000738      0x4db main.o
 .debug_abbrev  0x0000000000000c13      0x1be spi.o
 .debug_abbrev  0x0000000000000dd1      0x154 uart.o
 .debug_abbrev  0x0000000000000f25       0x14 /n/design3/projects/ASIC/arnold2/corev-openhw-gcc-centos6-20200913/bin/../lib/gcc/riscv32-corev-elf/11.0.0/../../../../riscv32-corev-elf/lib/rv32imac/ilp32/libc.a(lib_a-memcpy-asm.o)

.debug_aranges  0x0000000000000000      0x240
 .debug_aranges
                0x0000000000000000       0x20 crt0.o
 .debug_aranges
                0x0000000000000020       0x40 I2CProtocol.o
 .debug_aranges
                0x0000000000000060       0x30 crc.o
 .debug_aranges
                0x0000000000000090       0x50 dbg.o
 .debug_aranges
                0x00000000000000e0       0x90 hal_apb_i2cs.o
 .debug_aranges
                0x0000000000000170       0x38 main.o
 .debug_aranges
                0x00000000000001a8       0x50 spi.o
 .debug_aranges
                0x00000000000001f8       0x28 uart.o
 .debug_aranges
                0x0000000000000220       0x20 /n/design3/projects/ASIC/arnold2/corev-openhw-gcc-centos6-20200913/bin/../lib/gcc/riscv32-corev-elf/11.0.0/../../../../riscv32-corev-elf/lib/rv32imac/ilp32/libc.a(lib_a-memcpy-asm.o)

.debug_str      0x0000000000000000     0x19cb
 .debug_str     0x0000000000000000       0x49 crt0.o
 .debug_str     0x0000000000000049      0x44e I2CProtocol.o
                                        0x503 (size before relaxing)
 .debug_str     0x0000000000000497       0x37 crc.o
                                        0x179 (size before relaxing)
 .debug_str     0x00000000000004ce       0x4e dbg.o
                                        0x16f (size before relaxing)
 .debug_str     0x000000000000051c      0x9e1 hal_apb_i2cs.o
                                        0xdbb (size before relaxing)
 .debug_str     0x0000000000000efd      0x687 main.o
                                        0x9b4 (size before relaxing)
 .debug_str     0x0000000000001584      0x2af spi.o
                                        0x51b (size before relaxing)
 .debug_str     0x0000000000001833       0xe4 uart.o
                                        0x444 (size before relaxing)
 .debug_str     0x0000000000001917       0xb4 /n/design3/projects/ASIC/arnold2/corev-openhw-gcc-centos6-20200913/bin/../lib/gcc/riscv32-corev-elf/11.0.0/../../../../riscv32-corev-elf/lib/rv32imac/ilp32/libc.a(lib_a-memcpy-asm.o)
                                         0xc3 (size before relaxing)

.debug_loc      0x0000000000000000     0x1377
 .debug_loc     0x0000000000000000      0x588 I2CProtocol.o
 .debug_loc     0x0000000000000588      0x1af crc.o
 .debug_loc     0x0000000000000737      0x167 dbg.o
 .debug_loc     0x000000000000089e       0x75 hal_apb_i2cs.o
 .debug_loc     0x0000000000000913      0x5c9 main.o
 .debug_loc     0x0000000000000edc      0x41c spi.o
 .debug_loc     0x00000000000012f8       0x7f uart.o

.debug_ranges   0x0000000000000000      0x328
 .debug_ranges  0x0000000000000000       0x60 I2CProtocol.o
 .debug_ranges  0x0000000000000060       0x20 crc.o
 .debug_ranges  0x0000000000000080       0x78 dbg.o
 .debug_ranges  0x00000000000000f8       0x80 hal_apb_i2cs.o
 .debug_ranges  0x0000000000000178      0x158 main.o
 .debug_ranges  0x00000000000002d0       0x40 spi.o
 .debug_ranges  0x0000000000000310       0x18 uart.o

.debug_frame    0x0000000000000000      0x474
 .debug_frame   0x0000000000000000      0x104 I2CProtocol.o
 .debug_frame   0x0000000000000104       0x40 crc.o
 .debug_frame   0x0000000000000144       0xdc dbg.o
 .debug_frame   0x0000000000000220      0x100 hal_apb_i2cs.o
 .debug_frame   0x0000000000000320       0xa4 main.o
 .debug_frame   0x00000000000003c4       0x80 spi.o
 .debug_frame   0x0000000000000444       0x30 uart.o
